HOKKAIDO>enable
HOKKAIDO#config t
Enter configuration commands, one per line.  End with CNTL/Z.
HOKKAIDO(config)#interface loopback 0
HOKKAIDO(config-if)#ip address 1.1.1.1 255.255.255.255
HOKKAIDO(config-if)#no shutdown
HOKKAIDO(config-if)#exit
HOKKAIDO(config)#interface gigabitEthernet 0/1
HOKKAIDO(config-if)#ip address 192.168.10.1 255.255.255.252
HOKKAIDO(config-if)#no shutdown

HOKKAIDO(config-if)#
%LINK-5-CHANGED: Interface GigabitEthernet0/1, changed state to up

%LINEPROTO-5-UPDOWN: Line protocol on Interface GigabitEthernet0/1, changed state to up

HOKKAIDO(config-if)#exit
HOKKAIDO(config)#interface gigabitEthernet 0/0
HOKKAIDO(config-if)#ip address 192.168.20.14 255.255.255.240
HOKKAIDO(config-if)#no shutdown

HOKKAIDO(config-if)#
%LINK-5-CHANGED: Interface GigabitEthernet0/0, changed state to up

%LINEPROTO-5-UPDOWN: Line protocol on Interface GigabitEthernet0/0, changed state to up

HOKKAIDO(config-if)#exit
HOKKAIDO(config)#interface serial 0/0/1
HOKKAIDO(config-if)#ip address 10.123.100.1 255.255.255.248
HOKKAIDO(config-if)#no shutdown

%LINK-5-CHANGED: Interface Serial0/0/1, changed state to down
HOKKAIDO(config-if)#exit
HOKKAIDO(config)#ip dhcp pool netadm
HOKKAIDO(dhcp-config)#network 192.168.20.0 255.255.255.240
HOKKAIDO(dhcp-config)#default-router 192.168.20.14
HOKKAIDO(dhcp-config)#exit
HOKKAIDO(config)#ip dhcp excluded-address 192.168.20.14
HOKKAIDO(config)#router ospf 10
HOKKAIDO(config-router)#network 1.1.1.1 0.0.0.0 area 0
HOKKAIDO(config-router)#network 10.123.100.1 0.0.0.7 area 0
HOKKAIDO(config-router)#network 192.168.10.0 0.0.0.3 area 0
HOKKAIDO(config-router)#network 192.168.20.0 0.0.0.15 area 0
HOKKAIDO(config-router)#exit
HOKKAIDO(config)#%IP-4-DUPADDR: Duplicate address 192.168.10.1 on GigabitEthernet0/1, sourced by 00D0.587E.51CD

HOKKAIDO(config)#



FUKUSHIMA ROUTER :

FUKUSHIMA>enable
FUKUSHIMA#config t
Enter configuration commands, one per line.  End with CNTL/Z.
FUKUSHIMA(config)#iinterface loopback 0

FUKUSHIMA(config-if)#
%LINK-5-CHANGED: Interface Loopback0, changed state to up

%LINEPROTO-5-UPDOWN: Line protocol on Interface Loopback0, changed state to up

FUKUSHIMA(config-if)#ip address 2.2.2.2 255.255.255.255
FUKUSHIMA(config)#interface serial 0/0/1
FUKUSHIMA(config-if)#ip address 10.123.100.2 255.255.255.248
FUKUSHIMA(config-if)#no shutdown

FUKUSHIMA(config-if)#
%LINK-5-CHANGED: Interface Serial0/0/1, changed state to up

FUKUSHIMA(config-if)#
%LINEPROTO-5-UPDOWN: Line protocol on Interface Serial0/0/1, changed state to up

FUKUSHIMA(config-if)#exit
FUKUSHIMA(config)#interface serial 0/0/0
FUKUSHIMA(config-if)#ip address 10.123.100.3 255.255.255.248
FUKUSHIMA(config-if)#exit
FUKUSHIMA(config)#interface gigabitEthernet 0/1
FUKUSHIMA(config-if)#ip address 172.16.1.30 255.255.255.224
FUKUSHIMA(config-if)#no shutdown

FUKUSHIMA(config-if)#
%LINK-5-CHANGED: Interface GigabitEthernet0/1, changed state to up

%LINEPROTO-5-UPDOWN: Line protocol on Interface GigabitEthernet0/1, changed state to up

FUKUSHIMA(config-if)#duplex auto
FUKUSHIMA(config-if)#speed auto
FUKUSHIMA(config-if)#no shutdown
FUKUSHIMA(config-if)#exit
FUKUSHIMA(config)#interface gigabitEthernet 0/0
FUKUSHIMA(config-if)#duplex auto 
FUKUSHIMA(config-if)#speed auto
FUKUSHIMA(config-if)#shutdown
FUKUSHIMA(config-if)#exit
FUKUSHIMA(config)#interface gig0/1
FUKUSHIMA(config-if)#ip address 172.16.1.30 255.255.255.224
FUKUSHIMA(config-if)#no shutdown
FUKUSHIMA(config-if)#ip dhcp pool netd1
FUKUSHIMA(dhcp-config)#network 172.168.1.0 255.255.255.224
FUKUSHIMA(dhcp-config)#default-router 172.16.1.30
FUKUSHIMA#config t
Enter configuration commands, one per line.  End with CNTL/Z.
FUKUSHIMA(config)#router ospf 20
FUKUSHIMA(config-router)#network 2.2.2.2 0.0.0.0 area 0
FUKUSHIMA(config-router)#network 10.123.100.0 0.0.0.7 area 0
FUKUSHIMA(config-router)#
00:34:41: %OSPF-5-ADJCHG: Process 20, Nbr 1.1.1.1 on Serial0/0/1 from LOADING to FULL, Loading Done

FUKUSHIMA(config-router)#network 10.123.168.0 0.0.0.7 area 1
FUKUSHIMA(config-router)#network 172.16.1.0 0.0.0.31 area 1
FUKUSHIMA(config-router)#exit
FUKUSHIMA(config)#interface serial 0/0/0
FUKUSHIMA(config-if)#no shutdown

%LINK-5-CHANGED: Interface Serial0/0/0, changed state to down
FUKUSHIMA(config-if)#


TOKYO ROUTER : 

TOKYO>enable
TOKYO#config t
Enter configuration commands, one per line.  End with CNTL/Z.
TOKYO(config)#interface gig
TOKYO(config)#interface gig0/0
TOKYO(config-if)#ip adrress 172.16.1.33 255.255.255.224
                      ^
% Invalid input detected at '^' marker.
	
TOKYO(config-if)#ip ad
TOKYO(config-if)#ip address 172.16.1.33 255.255.255.224
TOKYO(config-if)#no shutdown

TOKYO(config-if)#
%LINK-5-CHANGED: Interface GigabitEthernet0/0, changed state to up

%LINEPROTO-5-UPDOWN: Line protocol on Interface GigabitEthernet0/0, changed state to up

TOKYO(config-if)#ip dhcp pool netd2
TOKYO(dhcp-config)#network 172.16.1.30 255.255.255.224
TOKYO(dhcp-config)#default-router 172.16.1.30#
                                  ^
% Invalid input detected at '^' marker.
	
TOKYO(dhcp-config)#default-router 172.16.1.30
TOKYO(dhcp-config)#exit
TOKYO(config)#ip dhcp pool exc
TOKYO(config)#ip dhcp exc
TOKYO(config)#ip dhcp excluded-address 172.16.1.30
TOKYO(config)#ip dhcp pool netd2
TOKYO(dhcp-config)#network 172.16.1.0 255.255.255.224
TOKYO(dhcp-config)#default-router 172.16.1.33
TOKYO(dhcp-config)#exit
TOKYO(config)#ip dhcp exc
TOKYO(config)#ip dhcp excluded-address 172.16.1.33
TOKYO(config)#interface gig0/1
TOKYO(config-if)#ip address 172.16.1.65 255.255.255.224
TOKYO(config-if)#no shutdown

TOKYO(config-if)#
%LINK-5-CHANGED: Interface GigabitEthernet0/1, changed state to up

%LINEPROTO-5-UPDOWN: Line protocol on Interface GigabitEthernet0/1, changed state to up

TOKYO(config-if)#exit
TOKYO(config)#ip dhcp pool netd3
TOKYO(dhcp-config)#network 172.16.1.0 255.255.255.224
TOKYO(dhcp-config)#default-router 172.16.1.65
TOKYO(dhcp-config)#exit
TOKYO(config)#ip dhcp excl
TOKYO(config)#ip dhcp excluded-address 172.16.1.65
TOKYO(config)#interface loopback 0

TOKYO(config-if)#
%LINK-5-CHANGED: Interface Loopback0, changed state to up

%LINEPROTO-5-UPDOWN: Line protocol on Interface Loopback0, changed state to up

TOKYO(config-if)#ip address 3.3.3.3 255.255.255.255
TOKYO(config-if)#no shutdown
TOKYO(config-if)#exit
TOKYO(config)#interface serial 0/0/0
TOKYO(config-if)#ip address 10.123.100.10 255.255.255.248
TOKYO(config-if)#no shutdown
TOKYO(config-if)#exit
TOKYO(config)#router ospf 30
TOKYO(config-router)#network 10.123.100.8 0.0.0.7 area 1
TOKYO(config-router)#
01:17:02: %OSPF-5-ADJCHG: Process 30, Nbr 2.2.2.2 on Serial0/0/0 from LOADING to FULL, Loading Done

TOKYO(config-router)#network 3.3.3.3 0.0.0.0 area 1
TOKYO(config-router)#network 172.16.1.32 0.0.0.31 area 1
TOKYO(config-router)#network 172.16.1.34 0.0.0.31 area 1
TOKYO(config-router)#exit
TOKYO(config)#router ospf 30
TOKYO(config-router)#network 10.123.100.8 0.0.0.7 area 1
TOKYO(config-router)#network 3.3.3.3 0.0.0.0 area 1
TOKYO(config-router)#network 172.16.1.32 0.0.0.31 area 1
TOKYO(config-router)#network 172.16.1.64 0.0.0.31 area 1
TOKYO(config-router)#exit
TOKYO(config)#interface gig0/0
TOKYO(config-if)#ip address 172.16.1.33 255.255.255.224
TOKYO(config-if)#no shutdown
TOKYO(config-if)#ip dhcp pool netd2
TOKYO(dhcp-config)#network 172.16.1.0 255.255.255.224
TOKYO(dhcp-config)#default-router 172.16.1.33
TOKYO(dhcp-config)#exit
TOKYO(config)#interface gig0/1
TOKYO(config-if)#ip dhcp pool netd3
TOKYO(dhcp-config)#exit
TOKYO(config)#interface gig0/1
TOKYO(config-if)#ip address 172.16.1.65 255.255.255.224
TOKYO(config-if)#no shutdown
TOKYO(config-if)#ip dhcp pool netd3
TOKYO(dhcp-config)#network 172.16.1.0 255.255.255.224
TOKYO(dhcp-config)#default-router 172.16.1.65
TOKYO(dhcp-config)#exit
TOKYO(config)#ip dhcp exclu
TOKYO(config)#ip dhcp excluded-address 172.16.1.33
TOKYO(config)#ip dhcp excluded-address 172.16.1.65
TOKYO(config)#
TOKYO(config)#exit
TOKYO#
%SYS-5-CONFIG_I: Configured from console by console

TOKYO#
TOKYO#
TOKYO#
TOKYO#
TOKYO#config t
Enter configuration commands, one per line.  End with CNTL/Z.
TOKYO(config)#interface gig0/0
TOKYO(config-if)#ip address 172.16.1.33
% Incomplete command.
TOKYO(config-if)#ip address 172.16.1.33 255.255.255.224
TOKYO(config-if)#ip dhcp pool netd2
TOKYO(dhcp-config)#network 172.16.1.32 255.255.255.224
TOKYO(dhcp-config)#default-router 172.16.1.33
TOKYO(dhcp-config)#exit
TOKYO(config)#ip dhcp exclud
TOKYO(config)#ip dhcp excluded-address 172.16.1.33
TOKYO(config)#interface gig0/1
TOKYO(config-if)#ip address 172.16.1.65 255.255.224
                                        ^
% Invalid input detected at '^' marker.
	
TOKYO(config-if)#ip ad
TOKYO(config-if)#ip address 172.16.1.65 255.255.255.224
TOKYO(config-if)#ip dhcp pool netd3
TOKYO(dhcp-config)#network 172.16.1.64 255.255.255.224
TOKYO(dhcp-config)#default-router 172.16.1.65
TOKYO(dhcp-config)#exit
TOKYO(config)#ip dhcp exc
TOKYO(config)#ip dhcp excluded-address 172.16.1.65
TOKYO(config)#router ospf 30
TOKYO(config-router)#network 10.123.100.10 0.0.0.7 area 1
TOKYO(config-router)#network 3.3.3.3 0.0.0.0 area 1
TOKYO(config-router)#network 172.16.1.32 0.0.0.31 area 1
TOKYO(config-router)#network 172.16.1.64 0.0.0.31 area 1
TOKYO(config-router)#



