ROUTER 1 : 

Router>enable
Router#config t
Enter configuration commands, one per line.  End with CNTL/Z.
Router(config)#hostname R-1
R-1(config)#interface serial 0/1/1
R-1(config-if)#ip address 10.10.1.1 255.255.255.252
R-1(config-if)#clock rate 125000
R-1(config-if)#no shutdown

%LINK-5-CHANGED: Interface Serial0/1/1, changed state to down
R-1(config-if)#interface serial 0/1/1
R-1(config-if)#no shutdown
R-1(config-if)#ip address 10.10.1.1 255.255.255.252
R-1(config-if)#clock rate 125000
R-1(config-if)#no shutdown
R-1(config-if)#ex
R-1(config)#interface serial 0/1/0
R-1(config-if)#ip address 10.10.2.1 255.255.255.252
R-1(config-if)#no shutdown

%LINK-5-CHANGED: Interface Serial0/1/0, changed state to down
R-1(config-if)#ex
R-1(config)#interface fast
R-1(config)#interface fastEthernet 0/0.10
R-1(config-subif)#encapsul
R-1(config-subif)#encapsulation do
R-1(config-subif)#encapsulation dot1Q 10
R-1(config-subif)#ip address 192.168.10.1 255.255.255.0
R-1(config-subif)#no shutdown
R-1(config-subif)#ex
R-1(config)#interface fast
R-1(config)#interface fastEthernet 0/0.20
R-1(config-subif)#encapsul
R-1(config-subif)#encapsulation do
R-1(config-subif)#encapsulation dot1Q 20
R-1(config-subif)#ip address 192.168.20.1 255.255.255.0
R-1(config-subif)#no shutdown
R-1(config-subif)#ex
R-1(config)#ip dhcp e
R-1(config)#ip dhcp excluded-address 192.168.10.1
R-1(config)#ip dhcp excluded-address 192.168.20.1
R-1(config)#ip dhcp pool VLAN10
R-1(dhcp-config)#network 192.168.10.0 255.255.255.0
R-1(dhcp-config)#default-
R-1(dhcp-config)#default-router 192.168.10.1
R-1(dhcp-config)#dns-ser
R-1(dhcp-config)#dns-server 8.8.8.8
R-1(dhcp-config)#ex
R-1(config)#ip dhcp pool VLAN20
R-1(dhcp-config)#network 192.168.20.0 255.255.255.0
R-1(dhcp-config)#default-
R-1(dhcp-config)#default-router 192.168.20.1
R-1(dhcp-config)#dns-
R-1(dhcp-config)#dns-server 8.8.8.8
R-1(dhcp-config)#ex
R-1(config)#router ospf 1
R-1(config-router)#router-id 1.1.1.1
R-1(config-router)#network 10.10.1.0 0.0.0.3 area 0
R-1(config-router)#network 10.10.2.0 0.0.0.3 area 0
R-1(config-router)#network 192.168.10.0 0.0.0.255 area 0
R-1(config-router)#network 192.168.20.0 0.0.0.255 area 0
R-1(config-router)#ex
R-1(config)#interface fast
R-1(config)#interface fastEthernet 0/0
R-1(config-if)#no shutdown

R-2 : 

Router>enable
Router#config t
Enter configuration commands, one per line.  End with CNTL/Z.
Router(config)#hostname R-2
R-2(config)#interface fast
R-2(config)#interface fastEthernet 0/0
R-2(config-if)#ip address 172.16.100.1 255.255.255.248
R-2(config-if)#duplex auto
R-2(config-if)#speed auto
R-2(config-if)#ex
R-2(config)#interface fast
R-2(config)#interface fastEthernet 0/1/0
%Invalid interface type and number
R-2(config)#interface serial 0/1/0
R-2(config-if)#ip address 10.10.1.2 255.255.255.252
R-2(config-if)#no shutdown

R-2(config-if)#
%LINK-5-CHANGED: Interface Serial0/1/0, changed state to up

R-2(config-if)#ex
R-2(config)#inte
%LINEPROTO-5-UPDOWN: Line protocol on Interface Serial0/1/0, changed state to
R-2(config)#interface serial 0/1/1
R-2(config-if)#ip address 10.10.3.1 255.255.255.252
R-2(config-if)#clock rate 125000
R-2(config-if)#no shutdown

%LINK-5-CHANGED: Interface Serial0/1/1, changed state to down
R-2(config-if)#ex
R-2(config)#router ospf 1
R-2(config-router)#router-id 2.2.2.2
R-2(config-router)#log-
R-2(config-router)#log-adjacency-changes 
R-2(config-router)#network 10.10.1.0 0.0.0.3 area 0
R-2(config-router)#network 10.10.3.0 0.0.0.3 area 0
R-2(config-router)#
00:27:01: %OSPF-5-ADJCHG: Process 1, Nbr 1.1.1.1 on Serial0/1/0 from LOADING to FULL, Loading Done

R-2(config-router)#network 172.16.100.0 0.0.0.7 area 0
R-2(config-router)#ex
R-2(config)#

Router>enable
Router#config t
Enter configuration commands, one per line.  End with CNTL/Z.
Router(config)#hostname R-3
R-3(config)#interface seri
R-3(config)#interface serial 0/1/0
R-3(config-if)#ip address 10.10.3.2 255.255.255
                                    ^
% Invalid input detected at '^' marker.
	
R-3(config-if)#ip address 10.10.3.2 255.255.255.252
R-3(config-if)#no shutdown

R-3(config-if)#
%LINK-5-CHANGED: Interface Serial0/1/0, changed state to up

R-3(config-if)#
%LINEPROTO-5-UPDOWN: Line protocol on Interface Serial0/1/0, changed state to up

R-3(config-if)#ex
R-3(config)#interface serial 0/1/1
R-3(config-if)#ip address 10.10.2.0 255.255.255.252
Bad mask /30 for address 10.10.2.0
R-3(config-if)#ip address 10.10.2.1 255.255.255.252
R-3(config-if)#clock rate 125000
R-3(config-if)#no shutdown

R-3(config-if)#
%LINK-5-CHANGED: Interface Serial0/1/1, changed state to up

R-3(config-if)#ex
R-3(config)#
%LINEPROTO-5-UPDOWN: Line protocol on Interface Serial0/1/1, changed state to up

R-3(config)#interface fast
R-3(config)#interface fastEthernet 0/0.30
R-3(config-subif)#ip address 192.168.30.1 255.255.255.0

% Configuring IP routing on a LAN subinterface is only allowed if that
subinterface is already configured as part of an IEEE 802.10, IEEE 802.1Q,
or ISL vLAN.

R-3(config-subif)#ip address 192.168.30.1 255.255.255.0

% Configuring IP routing on a LAN subinterface is only allowed if that
subinterface is already configured as part of an IEEE 802.10, IEEE 802.1Q,
or ISL vLAN.

R-3(config-subif)#ex
R-3(config)#interface fast
R-3(config)#interface fastEthernet 0/0.30
R-3(config-subif)#encapsu
R-3(config-subif)#encapsulation do
R-3(config-subif)#encapsulation dot1Q 30
R-3(config-subif)#ip address 192.168.30.1 255.255.255.0
R-3(config-subif)#no shutdown
R-3(config-subif)#ex
R-3(config)#interface fas
R-3(config)#interface fastEthernet 0/0.40
R-3(config-subif)#encap
R-3(config-subif)#encapsulation d
R-3(config-subif)#encapsulation dot1Q 40
R-3(config-subif)#ip address 192.168.40.1 255.255.255.0
R-3(config-subif)#no shutdown
R-3(config-subif)#ex
R-3(config)#ip dhcp e
R-3(config)#ip dhcp excluded-address 192.168.30.1
R-3(config)#ip dhcp excluded-address 192.168.40.1
R-3(config)#ip dhcp pool VLAN30
R-3(dhcp-config)#network 192.168.30.0 255.255.255.0
R-3(dhcp-config)#defa
R-3(dhcp-config)#default-router 192.168.30.1
R-3(dhcp-config)#dns-ser
R-3(dhcp-config)#dns-server 8.8.8.8
R-3(dhcp-config)#ex
R-3(config)#ip dhcp pool VLAN40
R-3(dhcp-config)#network 192.168.40.0 255.255.255.0
R-3(dhcp-config)#default-router 192.168.40.1
R-3(dhcp-config)#dns-serv
R-3(dhcp-config)#dns-server 8.8.8.8
R-3(dhcp-config)#ex
R-3(config)#interface fast
R-3(config)#interface fastEthernet 0/0
R-3(config-if)#no shutdown

R-3(config-if)#
%LINK-5-CHANGED: Interface FastEthernet0/0, changed state to up

%LINEPROTO-5-UPDOWN: Line protocol on Interface FastEthernet0/0, changed state to up

%LINK-5-CHANGED: Interface FastEthernet0/0.30, changed state to up

%LINEPROTO-5-UPDOWN: Line protocol on Interface FastEthernet0/0.30, changed state to up

%LINK-5-CHANGED: Interface FastEthernet0/0.40, changed state to up

%LINEPROTO-5-UPDOWN: Line protocol on Interface FastEthernet0/0.40, changed state to up

R-3(config-if)#ex
R-3(config)#router osp
R-3(config)#router ospf 1
R-3(config-router)#router-id 3.3.3.3
R-3(config-router)#network 10.10.3.0 255.255.255.252
% Incomplete command.
R-3(config-router)#network 10.10.3.0 255.255.255.252 area 0
R-3(config-router)#network 10.10.3.0 255.255.255.252 area 0
00:36:25: %OSPF-5-ADJCHG: Process 1, Nbr 2.2.2.2 on Serial0/1/0 from LOADING to FULL, Loading Done

R-3(config-router)#network 10.10.2.0 255.255.255.252 area 0
R-3(config-router)#network 192.168.30
00:36:36: %OSPF-5-ADJCHG: Process 1, Nbr 1.1.1.1 on Serial0/1/1 from LOADING to F
R-3(config-router)#network 192.168.30.0 0.0.0.255 area 0
R-3(config-router)#network 192.168.40.0 0.0.0.255 area 0
R-3(config-router)#ex